// Jest Snapshot v1, https://goo.gl/fbAQLP

exports[`ViewRoute component 1`] = `null`;
